// Jest Snapshot v1, https://goo.gl/fbAQLP

exports[`MrKrabbyPattyMenu component renders MrKrabbyPattyMenu 1`] = `
<DocumentFragment>
  <div
    style="background-color: grey; width: 90vw; height: 90vw; color: black;"
  >
    <form>
      <label
        class="url"
      >
        <input
          name="urlBar"
          placeholder="Type Api Url Here"
          type="text"
          value=""
        />
      </label>
      <label
        class="radio"
      >
        <label
          for="GET"
        >
          GET
          <input
            id="get"
            name="ApiMethod"
            type="radio"
            value="GET"
          />
        </label>
        <label
          for="POST"
        >
          POST
          <input
            id="post"
            name="ApiMethod"
            type="radio"
            value="POST"
          />
        </label>
        <label
          for="POST"
        >
          POST
          <input
            id="put"
            name="ApiMethod"
            type="radio"
            value="PUT"
          />
        </label>
        <label
          for="PATCH"
        >
          PATCH
          <input
            id="patch"
            name="ApiMethod"
            type="radio"
            value="PATCH"
          />
        </label>
        <label
          for="DELETE"
        >
          DELETE
          <input
            id="delete"
            name="ApiMethod"
            type="radio"
            value="DELETE"
          />
        </label>
      </label>
      <label>
        <textarea
          name="json"
        />
        <button>
          SEND
        </button>
      </label>
    </form>
  </div>
</DocumentFragment>
`;
